Error - handleGenerateShortUrl | Message - shortId is not a function | Time - 1717873459897Error - handleGenerateShortUrl | Message - shortId is not a function | Time - 1717873568453Error - handleGenerateShortUrl | Message - shortId is not a function | Time - 1717873720031Error - handleGenerateShortUrl | Message - shortId is not a function | Time - 1717873743137Error - handleGenerateShortUrl | Message - shortId is not a function | Time - 1717873786248Error - handleGenerateShortUrl | Message - shortId is not a function | Time - 1717873883598Error - handleGenerateShortUrl | Message - shortId is not a function | Time - 1717873914051Error - handleGenerateShortUrl | Message - shortId is not a function | Time - 1717873951606Error - handleGenerateShortUrl | Message - shortId is not a function | Time - 1717874021955Error - handleGenerateShortUrl | Message - shortId is not a function | Time - 1717874026982Error - handleGenerateShortUrl | Message - Cannot read properties of undefined (reading 'generate') | Time - 1717874038625Error - handleGenerateShortUrl | Message - Cannot read properties of undefined (reading 'generate') | Time - 1717874061034Error - handleGenerateShortUrl | Message - Cannot read properties of undefined (reading 'generate') | Time - 1717875085795Error - handleGenerateShortUrl | Message - Cannot read properties of undefined (reading 'generate') | Time - 1717875095018Error - handleGenerateShortUrl | Message - Cannot read properties of undefined (reading 'generate') | Time - 1717875160231Error - handleGenerateShortUrl | Message - Cannot read properties of undefined (reading 'generate') | Time - 1717875176650Error - handleGenerateShortUrl | Message - url validation failed: shortId: Path `shortId` is required. | Time - 1717875186882